Compiling the C compiler identification source file "CMakeCCompilerId.c" failed.
Compiler: C:/Xilinx/2025.1/Vitis/gnu/microblaze/nt/bin/mb-gcc.exe 
Build flags: ;-O2;;-mlittle-endian;-mxl-barrel-shift;-mxl-pattern-compare;-mxl-reorder;-mxl-soft-mul;-mxl-soft-div;-O2;-pipe;-g;-feliminate-unused-debug-types;-Os;-flto;-ffat-lto-objects;-DPSU_PMU=1U;-mcpu=v9.2;-DSDT;;-MMD;-MP;-specs=C:/radio-zcu208/platform/psu_pmu_0/psu_pmu/bsp/Xilinx.spec;-IC:/radio-zcu208/platform/psu_pmu_0/psu_pmu/bsp/include
Id flags:  

The output was:
1
C:/Xilinx/2025.1/gnu/microblaze/nt/x86_64-oesdk-mingw32/usr/bin/microblaze-xilinx-elf/../../libexec/microblaze-xilinx-elf/gcc/microblaze-xilinx-elf/13.3.0/ld.exe: cannot find -lxil: No such file or directory
collect2.exe: error: ld returned 1 exit status


The C compiler identification could not be found in "C:/radio-zcu208/platform/psu_pmu_0/psu_pmu/bsp/libsrc/build_configs/gen_bsp/CMakeFiles/3.24.2/CompilerIdC/CMakeCCompilerId.d"

Compiling the CXX compiler identification source file "CMakeCXXCompilerId.cpp" failed.
Compiler: C:/Xilinx/2025.1/Vitis/gnu/microblaze/nt/bin/mb-g++.exe 
Build flags: ;-O2;;-mlittle-endian;-mxl-barrel-shift;-mxl-pattern-compare;-mxl-reorder;-mxl-soft-mul;-mxl-soft-div;-O2;-pipe;-g;-feliminate-unused-debug-types;-Os;-flto;-ffat-lto-objects;-DPSU_PMU=1U;-mcpu=v9.2;-DSDT;;-MMD;-MP;-specs=C:/radio-zcu208/platform/psu_pmu_0/psu_pmu/bsp/Xilinx.spec;-IC:/radio-zcu208/platform/psu_pmu_0/psu_pmu/bsp/include
Id flags:  

The output was:
1
C:/Xilinx/2025.1/gnu/microblaze/nt/x86_64-oesdk-mingw32/usr/bin/microblaze-xilinx-elf/../../libexec/microblaze-xilinx-elf/gcc/microblaze-xilinx-elf/13.3.0/ld.exe: cannot find -lxil: No such file or directory
collect2.exe: error: ld returned 1 exit status


The CXX compiler identification could not be found in "C:/radio-zcu208/platform/psu_pmu_0/psu_pmu/bsp/libsrc/build_configs/gen_bsp/CMakeFiles/3.24.2/CompilerIdCXX/CMakeCXXCompilerId.d"

Determining if files xintc.h exist failed with the following output:
Change Dir: C:/radio-zcu208/platform/psu_pmu_0/psu_pmu/bsp/libsrc/build_configs/gen_bsp/CMakeFiles/CMakeTmp

Run Build Command(s):C:/Xilinx/2025.1/Vitis/bin/ninja.exe cmTC_f2a77 && [1/2] Building C object CMakeFiles/cmTC_f2a77.dir/HAS_XINTC.c.obj
FAILED: CMakeFiles/cmTC_f2a77.dir/HAS_XINTC.c.obj 
C:\Xilinx\2025.1\Vitis\gnu\microblaze\nt\bin\mb-gcc.exe -DXLNX_PLATFORM -D__BAREMETAL__  -O2  -mlittle-endian -mxl-barrel-shift -mxl-pattern-compare -mxl-reorder -mxl-soft-mul -mxl-soft-div -O2 -pipe -g -feliminate-unused-debug-types -Os -flto -ffat-lto-objects -DPSU_PMU=1U -mcpu=v9.2 -DSDT  -MMD -MP -specs=C:/radio-zcu208/platform/psu_pmu_0/psu_pmu/bsp/Xilinx.spec -IC:/radio-zcu208/platform/psu_pmu_0/psu_pmu/bsp/include -c -o CMakeFiles/cmTC_f2a77.dir/HAS_XINTC.c.obj -c C:/radio-zcu208/platform/psu_pmu_0/psu_pmu/bsp/libsrc/build_configs/gen_bsp/CMakeFiles/CheckIncludeFiles/HAS_XINTC.c
C:/radio-zcu208/platform/psu_pmu_0/psu_pmu/bsp/libsrc/build_configs/gen_bsp/CMakeFiles/CheckIncludeFiles/HAS_XINTC.c:2:10: fatal error: xintc.h: No such file or directory
    2 | #include <xintc.h>
      |          ^~~~~~~~~
compilation terminated.
ninja: build stopped: subcommand failed.


Source:
/* */
#include <xintc.h>


int main(void){return 0;}

