Compiling the C compiler identification source file "CMakeCCompilerId.c" failed.
Compiler: /media/ubuntu/large/2025.1/Vitis/gnu/microblaze/lin/bin/mb-gcc 
Build flags: ;-O2;;-mlittle-endian;-mxl-barrel-shift;-mxl-pattern-compare;-mxl-reorder;-mxl-soft-mul;-mxl-soft-div;-O2;-pipe;-g;-feliminate-unused-debug-types;-Os;-flto;-ffat-lto-objects;-DPSU_PMU=1U;-mcpu=v9.2;-DSDT;;-MMD;-MP;-specs=/media/ubuntu/large/radio-zcu208/platform/psu_pmu_0/psu_pmu_0/bsp/Xilinx.spec;-I/media/ubuntu/large/radio-zcu208/platform/psu_pmu_0/psu_pmu_0/bsp/include
Id flags:  

The output was:
1
/media/ubuntu/large/2025.1/gnu/microblaze/lin/x86_64-oesdk-linux/usr/bin/microblaze-xilinx-elf/microblaze-xilinx-elf-ld.real: cannot find -lxil: No such file or directory
collect2.real: error: ld returned 1 exit status


The C compiler identification could not be found in "/media/ubuntu/large/radio-zcu208/platform/psu_pmu_0/psu_pmu_0/bsp/libsrc/build_configs/gen_bsp/CMakeFiles/3.24.2/CompilerIdC/CMakeCCompilerId.d"

Compiling the CXX compiler identification source file "CMakeCXXCompilerId.cpp" failed.
Compiler: /media/ubuntu/large/2025.1/Vitis/gnu/microblaze/lin/bin/mb-g++ 
Build flags: ;-O2;;-mlittle-endian;-mxl-barrel-shift;-mxl-pattern-compare;-mxl-reorder;-mxl-soft-mul;-mxl-soft-div;-O2;-pipe;-g;-feliminate-unused-debug-types;-Os;-flto;-ffat-lto-objects;-DPSU_PMU=1U;-mcpu=v9.2;-DSDT;;-MMD;-MP;-specs=/media/ubuntu/large/radio-zcu208/platform/psu_pmu_0/psu_pmu_0/bsp/Xilinx.spec;-I/media/ubuntu/large/radio-zcu208/platform/psu_pmu_0/psu_pmu_0/bsp/include
Id flags:  

The output was:
1
/media/ubuntu/large/2025.1/gnu/microblaze/lin/x86_64-oesdk-linux/usr/bin/microblaze-xilinx-elf/microblaze-xilinx-elf-ld.real: cannot find -lxil: No such file or directory
collect2.real: error: ld returned 1 exit status


The CXX compiler identification could not be found in "/media/ubuntu/large/radio-zcu208/platform/psu_pmu_0/psu_pmu_0/bsp/libsrc/build_configs/gen_bsp/CMakeFiles/3.24.2/CompilerIdCXX/CMakeCXXCompilerId.d"

Determining if files xintc.h exist failed with the following output:
Change Dir: /media/ubuntu/large/radio-zcu208/platform/psu_pmu_0/psu_pmu_0/bsp/libsrc/build_configs/gen_bsp/CMakeFiles/CMakeTmp

Run Build Command(s):/media/ubuntu/large/2025.1/Vitis/bin/ninja cmTC_3555b && [1/2] Building C object CMakeFiles/cmTC_3555b.dir/HAS_XINTC.c.obj
FAILED: CMakeFiles/cmTC_3555b.dir/HAS_XINTC.c.obj 
/media/ubuntu/large/2025.1/Vitis/gnu/microblaze/lin/bin/mb-gcc -DXLNX_PLATFORM -D__BAREMETAL__  -O2  -mlittle-endian -mxl-barrel-shift -mxl-pattern-compare -mxl-reorder -mxl-soft-mul -mxl-soft-div -O2 -pipe -g -feliminate-unused-debug-types -Os -flto -ffat-lto-objects -DPSU_PMU=1U -mcpu=v9.2 -DSDT  -MMD -MP -specs=/media/ubuntu/large/radio-zcu208/platform/psu_pmu_0/psu_pmu_0/bsp/Xilinx.spec -I/media/ubuntu/large/radio-zcu208/platform/psu_pmu_0/psu_pmu_0/bsp/include -c -o CMakeFiles/cmTC_3555b.dir/HAS_XINTC.c.obj -c /media/ubuntu/large/radio-zcu208/platform/psu_pmu_0/psu_pmu_0/bsp/libsrc/build_configs/gen_bsp/CMakeFiles/CheckIncludeFiles/HAS_XINTC.c
/media/ubuntu/large/radio-zcu208/platform/psu_pmu_0/psu_pmu_0/bsp/libsrc/build_configs/gen_bsp/CMakeFiles/CheckIncludeFiles/HAS_XINTC.c:2:10: fatal error: xintc.h: No such file or directory
    2 | #include <xintc.h>
      |          ^~~~~~~~~
compilation terminated.
ninja: build stopped: subcommand failed.


Source:
/* */
#include <xintc.h>


int main(void){return 0;}

