Open Watcom Linker Version 2.0 beta Apr 14 2025 02:41:05 (64-bit)
Copyright (c) 2002-2025 The Open Watcom Contributors. All Rights Reserved.
Portions Copyright (c) 1985-2002 Sybase, Inc. All Rights Reserved.
Created on:       26/01/23 18:56:00
Executable Image: morlet.exe
creating a Windows NT character-mode executable


                        +------------+
                        |   Groups   |
                        +------------+

Group                           Address              Size
=====                           =======              ====

.idata                          0040b000             00000432
DGROUP                          0040c000             00001790



                        +--------------+
                        |   Segments   |
                        +--------------+

Segment                Class          Group          Address         Size
=======                =====          =====          =======         ====

BEGTEXT                CODE           AUTO           00401000        00000007
_TEXT                  CODE           AUTO           00401010        000093c2
TRANSFER CODE          CODE           AUTO           0040a3d4        000000e4
.idata                 .idata         .idata         0040b000        00000432
_NULL                  BEGDATA        DGROUP         0040c000        00000004
_AFTERNULL             BEGDATA        DGROUP         0040c004        00000000
CONST                  DATA           DGROUP         0040c004        00000192
CONST2                 DATA           DGROUP         0040c1a0        00000000
_DATA                  DATA           DGROUP         0040c1a0        00000670
XIB                    DATA           DGROUP         0040c810        00000000
XI                     DATA           DGROUP         0040c810        00000042
XIE                    DATA           DGROUP         0040c852        00000000
YIB                    DATA           DGROUP         0040c852        00000000
YI                     DATA           DGROUP         0040c852        0000001e
YIE                    DATA           DGROUP         0040c870        00000000
DATA                   DATA           DGROUP         0040c870        00000018
TIB                    DATA           DGROUP         0040c888        00000000
TI                     DATA           DGROUP         0040c888        00000000
TIE                    DATA           DGROUP         0040c888        00000000
_BSS                   BSS            DGROUP         0040d000        00000790


                        +----------------+
                        |   Memory Map   |
                        +----------------+

* = unreferenced symbol
+ = symbol only referenced locally

Address        Symbol
=======        ======

Module: morlet.obj(C:\radio-zcu208\morlet\morlet.cpp)
00401010       main_
Module: c:\watcom\lib386\nt\clib3r.lib(stk)
00401565       __CHK
00401561*      __STK
0040159d*      __GRO
0040158e*      __STKOVERFLOW_
004015bd*      __alloca_probe
Module: c:\watcom\lib386\nt\clib3r.lib(printf)
004015e0       printf_
Module: c:\watcom\lib386\nt\clib3r.lib(scanf)
00401640+      vscanf_
00401670       scanf_
Module: c:\watcom\lib386\math387r.lib(fchop87)
00401680       __CHP
Module: c:\watcom\lib386\nt\plbx3r.lib(opnewarr)
004016a0       void __near * __near operator new []( int unsigned )
Module: c:\watcom\lib386\math387r.lib(exp87)
0040170f*      exp_
004016a8*      __@DEXP1
004016b0*      IF@EXP
004016b0       IF@DEXP
004016b2*      __@DEXP
Module: c:\watcom\lib386\math387r.lib(trig87)
00401769*      sin_
0040175d*      cos_
0040178a*      tan_
0040171c*      IF@COS
0040171c       IF@DCOS
00401726*      IF@SIN
00401726       IF@DSIN
00401775*      IF@TAN
00401775*      IF@DTAN
Module: c:\watcom\lib386\math387r.lib(sqrt87)
00401798*      sqrt_
004017c8*      IF@SQRT
004017c8       IF@DSQRT
004017ca*      __@DSQRT
Module: c:\watcom\lib386\nt\clib3r.lib(cstrtwnt)
004017fc       _cstart_
004017fc*      mainCRTStartup
Module: c:\watcom\lib386\nt\clib3r.lib(fltused)
0040c1cc       _fltused_
Module: c:\watcom\lib386\nt\plbx3r.lib(iofefg)
0040c81c       __ppfltused_
Module: c:\watcom\lib386\emu387.lib(_86)
004018bc       __init_387_emulator
004018bd*      __fini_387_emulator
Module: c:\watcom\lib386\nt\clib3r.lib(_8087)
0040c1d0       __8087
0040c1d1       __real87
Module: c:\watcom\lib386\nt\plbx3r.lib(cppdata)
0040d000       __wint_thread_data
0040d024       __compiled_under_NT
Module: c:\watcom\lib386\nt\plbx3r.lib(fsroot)
0040c82e       ___wcpp_4_data_init_fs_root_
Module: c:\watcom\lib386\nt\clib3r.lib(xmsg)
004018d0*      __exit_with_msg_
00401930       __fatal_runtime_error_
Module: c:\watcom\lib386\nt\clib3r.lib(snglthrd)
0040c1d4       ___FirstThreadData
0040c1d8       ___GetThreadPtr
Module: c:\watcom\lib386\nt\clib3r.lib(iob)
0040c1dc       ___iob
0040d028       ___ClosedStreams
0040d02c       ___OpenStreams
Module: c:\watcom\lib386\nt\clib3r.lib(fprtf)
00401980       __fprtf_
Module: c:\watcom\lib386\nt\clib3r.lib(fgetc)
00401a40+      __fill_buffer_
00401b40       fgetc_
Module: c:\watcom\lib386\nt\clib3r.lib(ungetc)
00401c00       ungetc_
Module: c:\watcom\lib386\nt\clib3r.lib(scnf)
00402840       __scnf_
Module: c:\watcom\lib386\nt\plbx3r.lib(opnew)
00402ac0       void __near * __near operator new( int unsigned )
Module: c:\watcom\lib386\math387r.lib(math87e)
00402b0f       __math87_err_
Module: c:\watcom\lib386\nt\clib3r.lib(chipvar)
0040c3e4       ___chipbug
0040c3e4       __chipbug
Module: c:\watcom\lib386\nt\clib3r.lib(chipt32)
00402b7c       __fptan_chk
Module: c:\watcom\lib386\nt\clib3r.lib(main2wnt)
00402c30       __NTMain
Module: c:\watcom\lib386\nt\clib3r.lib(segdefns)
00401003       ___begtext
0040c000*      __nullarea
0040c810       __Start_XI
0040c852       __End_XI
0040c852       __Start_YI
0040c870       __End_YI
Module: c:\watcom\lib386\nt\clib3r.lib(setefg)
00402c90       __setEFGfmt_
Module: c:\watcom\lib386\nt\plbx3r.lib(iofnoefg)
0040c3e8       ___EFG_cnvs2d
0040c3ec       ___EFG_cnvd2f
0040c3f0       ___EFG_cvtld
0040c3f4       ___EFG_cnvd2ld
Module: c:\watcom\lib386\math387r.lib(cnvs2d)
00402cc0       __cnvs2d_
Module: c:\watcom\lib386\math387r.lib(cnvd2f)
00402cee       __cnvd2f_
Module: c:\watcom\lib386\math387r.lib(ldcvt)
00402e40       _LDScale10x_
004033e7       __cvtld_
004033e7       __LDcvt_
Module: c:\watcom\lib386\math387r.lib(cnvd2ld)
00403ad8       __cnvd2ld_
Module: c:\watcom\lib386\nt\clib3r.lib(chk8087)
00403b00*      _fpreset_
00403b40       __chk8087_
00403b50*      __init_8087_
Module: c:\watcom\lib386\nt\clib3r.lib(crwdata)
0040c4e1       __osmajor
0040c4e2       __osminor
0040c4a8       __LpCmdLine
0040c4ac       __LpPgmName
0040c4a0*      __dynend
0040c4a4       __curbrk
0040c4d0       __cbyte
0040c4d4*      __cbyte2
0040c4d8*      __child
0040c4dd       __Envptr
0040c4e3       __osbuild
0040c4e5       __osver
0040c4e9       __winmajor
0040c4ed       __winminor
0040c4f1       __winver
0040c4b0       __LpDllName
0040c4b4       __LpwCmdLine
0040c4b8       __LpwPgmName
0040c4bc       __LpwDllName
0040c4c0*      __STACKLOW
0040c4c4       __STACKTOP
0040c4c8       __ASTACKSIZ
0040c4cc       __ASTACKPTR
0040c4dc       __no87
0040c4f5       ___FPE_handler
Module: c:\watcom\lib386\nt\clib3r.lib(mainwnt)
0040c4fc*      ___TlsIndex
0040c500       __AccessFileH
0040c504       __ReleaseFileH
0040c508       __AccessIOB
0040c50c       __ReleaseIOB
0040c510       __AccessNHeap
0040c514*      __AccessFHeap
0040c518       __ReleaseNHeap
0040c51c*      __ReleaseFHeap
0040c520*      __AccessTDList
0040c524*      __ReleaseTDList
00403bd0*      __threadid_
00403bf0+      __NTInit_
00403e10+      __NTFini_
00403e90       __NTMainInit_
00403ef0       __exit_
0040c528       __AccessFList
0040c52c       __ReleaseFList
0040c530+      __ThreadExitRtn
0040c534       ___sig_init_rtn
0040c538       ___sig_fini_rtn
0040c53c       ___process_fini
0040d038       ___Is_DLL
Module: c:\watcom\lib386\nt\clib3r.lib(enterdb)
00403f50       __EnterWVIDEO_
0040c540+      __WD_Present
Module: c:\watcom\lib386\nt\clib3r.lib(initfile)
00403fb0       __InitFiles_
Module: c:\watcom\lib386\nt\clib3r.lib(ioexit)
004040b0*      fcloseall_
004040c0       __full_io_exit_
Module: c:\watcom\lib386\nt\clib3r.lib(fputc)
004040d0       fputc_
Module: c:\watcom\lib386\nt\clib3r.lib(ioalloc)
004041b0       __ioalloc_
Module: c:\watcom\lib386\nt\clib3r.lib(prtf)
00404ce0       __prtf_
Module: c:\watcom\lib386\nt\clib3r.lib(flush)
00404f00       __flush_
Module: c:\watcom\lib386\nt\clib3r.lib(flushall)
00405000       __flushall_
00405040*      flushall_
Module: c:\watcom\lib386\nt\clib3r.lib(gtchewnt)
00405050       getche_
Module: c:\watcom\lib386\nt\clib3r.lib(qread)
00405080       __qread_
Module: c:\watcom\lib386\nt\clib3r.lib(istable)
004050f0       __IsTable
Module: c:\watcom\lib386\nt\clib3r.lib(mbisdbcs)
0040c544       ___IsDBCS
Module: c:\watcom\lib386\nt\clib3r.lib(mbislead)
00405200*      _ismbblead_
0040d654       ___MBCSIsTable
Module: c:\watcom\lib386\nt\clib3r.lib(mbtowc)
00405220       mbtowc_
Module: c:\watcom\lib386\nt\clib3r.lib(memset)
004052b0       memset_
Module: c:\watcom\lib386\nt\clib3r.lib(bits)
004052d0       __Bits
Module: c:\watcom\lib386\nt\clib3r.lib(noefgfmt)
0040c548       ___EFG_printf
0040c54c       ___EFG_scanf
Module: c:\watcom\lib386\nt\clib3r.lib(fdfs386)
00405320       __FDFS
Module: c:\watcom\lib386\nt\clib3r.lib(tolower)
0040536c       tolower_
Module: c:\watcom\lib386\nt\clib3r.lib(i8m)
0040537c*      __I8M
0040537c       __U8M
Module: c:\watcom\lib386\nt\clib3r.lib(nmalloc)
004053a0       _nmalloc_
004053a0       malloc_
0040c550       ___nheapbeg
0040c554       ___MiniHeapRover
0040c558       ___LargestSizeB4MiniHeapRover
Module: c:\watcom\lib386\math387r.lib(math2err)
00405487       __math1err_
00405491+      __math2err_
Module: c:\watcom\lib386\nt\clib3r.lib(chipbug)
004055c0       __verify_pentium_fdiv_bug_
Module: c:\watcom\lib386\nt\clib3r.lib(initrtns)
00405630       __InitRtns
00405680       __FiniRtns
Module: c:\watcom\lib386\nt\clib3r.lib(mthrdini)
004056e0       __InitThreadData_
0040c55c       ___ThreadDataSize
Module: c:\watcom\lib386\nt\clib3r.lib(cmain386)
00405710       __CMain
Module: c:\watcom\lib386\nt\clib3r.lib(dosseg)
00001234       __DOSseg__
Module: c:\watcom\lib386\math387r.lib(efgfmt)
0040574c       _EFG_Format_
Module: c:\watcom\lib386\math387r.lib(strtod)
00405ca9+      __Strtold_
00405dfd       strtod_
Module: c:\watcom\lib386\math387r.lib(ldclass)
00405f41       __LDClass_
00405f91*      _FLClass_
Module: c:\watcom\lib386\nt\clib3r.lib(i8s)
00405fa0*      __U8RS
00405fba*      __I8RS
00405fd5*      __I8LS
00405fd5       __U8LS
Module: c:\watcom\lib386\nt\clib3r.lib(ltoa)
00405ff0       ultoa_
00406040       ltoa_
Module: c:\watcom\lib386\nt\clib3r.lib(8087cw)
0040c560       __8087cw
Module: c:\watcom\lib386\nt\clib3r.lib(save8087)
0040c564       ___Save8087
0040c568       ___Rest8087
Module: c:\watcom\lib386\nt\clib3r.lib(init8087)
00406074       __x87id
Module: c:\watcom\lib386\nt\clib3r.lib(hdlman)
0040c56c+      ___NHandles
004060b0+      __growPOSIXHandles_
00406150+      __allocPOSIXHandle_
00406210       __freePOSIXHandle_
00406230       __getOSHandle_
00406240       __setOSHandle_
00406290+      __NTGetFakeHandle_
00406300       __initPOSIXHandles_
004063e0*      __set_handles_
004063f0*      _grow_handles_
Module: c:\watcom\lib386\nt\clib3r.lib(environ)
0040d758       ___env_mask
0040d75c       __wenviron
0040d760       _environ
Module: c:\watcom\lib386\nt\clib3r.lib(getmodfn)
00406430       __lib_GetModuleFileNameW_
Module: c:\watcom\lib386\nt\clib3r.lib(strdup)
004064d0       __clib_strdup_
004064d0*      strdup_
Module: c:\watcom\lib386\nt\clib3r.lib(ustrdup)
00406510       __clib_wcsdup_
00406510*      wcsdup_
Module: c:\watcom\lib386\nt\clib3r.lib(uisspace)
00406537       iswspace_
Module: c:\watcom\lib386\nt\clib3r.lib(nfree)
00406560       _nfree_
00406560       free_
0040d764       ___MiniHeapFreeRover
Module: c:\watcom\lib386\nt\clib3r.lib(excptwnt)
00406cc0+      ___ReportException@4
00407110       __DefaultExceptionHandler_
00407150+      ___ExceptionFilter
00407360       __NewExceptionFilter_
00407390       __DoneExceptionFilter_
0040c580       ___oscode_check_func
0040c584       ___raise_func
0040d768*      _sw
0040d76c+      ___ReportInvoked
0040d76d+      ___ExceptionHandled
Module: c:\watcom\lib386\nt\clib3r.lib(stklmwnt)
004073d0       __init_stack_limits_
Module: c:\watcom\lib386\nt\clib3r.lib(fclose)
00407440+      __doclose_
004074f0       __shutdown_stream_
00407510*      fclose_
0040d770+      ___RmTmpFileFn
Module: c:\watcom\lib386\nt\clib3r.lib(freefp)
00407560       __freefp_
004075a0       __purgefp_
Module: c:\watcom\lib386\nt\clib3r.lib(chktty)
004075d0       __chktty_
Module: c:\watcom\lib386\nt\clib3r.lib(wctomb)
00407610       wctomb_
Module: c:\watcom\lib386\nt\clib3r.lib(itoa)
00407650+      utoa_
004076a0       itoa_
Module: c:\watcom\lib386\nt\clib3r.lib(strupr)
004076d0       _strupr_
Module: c:\watcom\lib386\nt\clib3r.lib(lltoa)
004076f0       ulltoa_
00407750*      lltoa_
Module: c:\watcom\lib386\nt\clib3r.lib(__lseek)
00407780       __lseek_
Module: c:\watcom\lib386\nt\clib3r.lib(fsync)
004077c0       fsync_
Module: c:\watcom\lib386\nt\clib3r.lib(qwrit)
00407810       __qwrite_
Module: c:\watcom\lib386\nt\clib3r.lib(getchwnt)
004079f0       getch_
Module: c:\watcom\lib386\nt\clib3r.lib(putchwnt)
00407a60       putch_
Module: c:\watcom\lib386\nt\clib3r.lib(iomode)
00407ab0       __GetIOMode_
00407ad0       __SetIOMode_nogrow_
0040c58c       ___NFiles
0040c590       ___init_mode
0040c5e0       ___io_mode
Module: c:\watcom\lib386\nt\clib3r.lib(dosret)
00407af0       __set_errno_dos_
00407b30*      __set_errno_dos_reterr_
00407b40       __set_errno_nt_
00407b50*      __set_errno_nt_reterr_
Module: c:\watcom\lib386\nt\clib3r.lib(mbinit)
00407bcf       __mbinit_
0040c6e8       ___MBCodePage
Module: c:\watcom\lib386\nt\clib3r.lib(mbclen)
00407c90       _mbclen_
Module: c:\watcom\lib386\nt\clib3r.lib(__stos)
00407cc0       __STOSB
00407cfa*      __STOSD
Module: c:\watcom\lib386\nt\clib3r.lib(mem)
00407d70       __MemAllocator
00407e20       __MemFree
Module: c:\watcom\lib386\nt\clib3r.lib(nmemneed)
00407f60       __nmemneed_
Module: c:\watcom\lib386\nt\clib3r.lib(grownear)
004080b0       __ExpandDGROUP_
Module: c:\watcom\lib386\math387r.lib(_matherr)
0040825c*      _set_matherr_
00408262+      __rterrmsg_
004082aa       __rtmathfuncname_
004082b2*      _matherr_
004082ec+      __reporterrorsimple_
00408369       __reporterror_
Module: c:\watcom\lib386\nt\clib3r.lib(hugeval)
004083d0       __HugeValue
Module: c:\watcom\lib386\nt\clib3r.lib(cinit)
004083e0       __CommonInit_
Module: c:\watcom\lib386\nt\clib3r.lib(___argc)
0040d780       ____Argc
0040d784       ____Argv
Module: c:\watcom\lib386\nt\clib3r.lib(exit)
004083f0+      __null_int23_exit_
004083f1       exit_
0040843f*      _exit_
0040c6f0+      ___int23_exit
0040c6f4+      ___FPE_handler_exit
Module: c:\watcom\lib386\nt\clib3r.lib(rtcntrl)
00408460*      _SetLD64bit_
00408470*      _SetLD80bit_
00408480       _LDisDouble_
Module: c:\watcom\lib386\math387r.lib(zbuf2ld)
004084a9       __ZXBuf2LD_
Module: c:\watcom\lib386\math387r.lib(bufld386)
0040857c       __ZBuf2LD
Module: c:\watcom\lib386\nt\clib3r.lib(seterrno)
0040861f       __set_EDOM_
0040862d       __set_ERANGE_
0040863b*      __set_EINVAL_
Module: c:\watcom\lib386\math387r.lib(inf_nan)
0040864e*      ___f_infinity
00408652*      ___f_posqnan
00408656       ___d_infinity
0040865e       ___d_posqnan
00408666*      ___ld_infinity
0040866e*      ___ld_posqnan
Module: c:\watcom\lib386\nt\clib3r.lib(alphabet)
00408680       ___Alphabet
Module: c:\watcom\lib386\nt\clib3r.lib(nrealloc)
004086b0*      _nrealloc_
004086b0       realloc_
Module: c:\watcom\lib386\nt\clib3r.lib(stiomode)
00408730       __grow_iomode_
00408800+      __shrink_iomode_
00408840       __SetIOMode_
Module: c:\watcom\lib386\nt\clib3r.lib(setenvp)
004088c0       __setenvp_
00408990       __freeenvp_
Module: c:\watcom\lib386\nt\clib3r.lib(ustrlen)
004089f0       wcslen_
Module: c:\watcom\lib386\nt\clib3r.lib(memcpy)
00408a10       memcpy_
Module: c:\watcom\lib386\nt\clib3r.lib(conutwnt)
00408a40       __NTRealKey_
00408af0       __NTConsoleInput_
00408b00       __NTConsoleOutput_
Module: c:\watcom\lib386\nt\clib3r.lib(fclex387)
00408b10       _ClearFPE_
Module: c:\watcom\lib386\nt\clib3r.lib(signlwnt)
00408d20       __sigfpe_handler_
00408d70*      signal_
00408e00+      raise_
Module: c:\watcom\lib386\nt\clib3r.lib(_clsewnt)
00408f20       __close_
Module: c:\watcom\lib386\nt\clib3r.lib(isattwnt)
00408f80       isatty_
Module: c:\watcom\lib386\nt\clib3r.lib(amblksiz)
0040c770       __amblksiz
Module: c:\watcom\lib386\nt\clib3r.lib(nheapmin)
00408fa0*      _nheapshrink_
00408fa0*      _heapshrink_
00408fe0       __nheapshrink_
Module: c:\watcom\lib386\nt\clib3r.lib(heapen)
00409030*      _heapenable_
0040c774       ___heap_enabled
Module: c:\watcom\lib386\math387r.lib(matherr)
00409051       matherr_
Module: c:\watcom\lib386\nt\clib3r.lib(iobaddr)
00409060       __get_std_stream_
00409060*      __get_std_file_
Module: c:\watcom\lib386\nt\clib3r.lib(fputs)
00409080       fputs_
Module: c:\watcom\lib386\math387r.lib(mathint)
0040c778*      _signgam
0040c77c       ___math_errhandling_flag
Module: c:\watcom\lib386\nt\clib3r.lib(errno)
00409120       __get_errno_ptr_
Module: c:\watcom\lib386\nt\clib3r.lib(fenv)
00409130*      ___fenv_h_default_environment
00409150*      feclearexcept_
00409170+      fegetexceptflag_
00409190       feraiseexcept_
004091c0*      feenableexcept_
004091e0*      fedisableexcept_
00409200*      fesetexceptflag_
00409230*      fetestexcept_
00409250*      fegetround_
00409270*      fesetround_
004092c0*      fegetenv_
004092d0*      feholdexcept_
004092f0*      fesetenv_
00409300*      feupdateenv_
Module: c:\watcom\lib386\nt\clib3r.lib(nmsize)
00409330       _nmsize_
00409330*      _msize_
Module: c:\watcom\lib386\nt\clib3r.lib(nexpand)
00409340       _nexpand_
00409340*      _expand_
Module: c:\watcom\lib386\nt\clib3r.lib(iomodtty)
00409370       __ChkTTYIOMode_
004093b0*      __IOMode_
Module: c:\watcom\lib386\nt\clib3r.lib(dofilstr)
004093f0       __ParsePosixHandleStr_
Module: c:\watcom\lib386\nt\clib3r.lib(clearenv)
00409510       clearenv_
Module: c:\watcom\lib386\nt\clib3r.lib(abort)
004095ec*      abort_
004095fb       __terminate_
0040c780       ___abort
Module: c:\watcom\lib386\nt\clib3r.lib(nheapunl)
00409610       __UnlinkNHeap_
Module: c:\watcom\lib386\nt\clib3r.lib(_expand)
00409670       __HeapManager_expand_
Module: c:\watcom\lib386\nt\clib3r.lib(getenv)
004097b0       getenv_
Module: c:\watcom\lib386\nt\clib3r.lib(strncpy)
00409850       strncpy_
Module: c:\watcom\lib386\nt\clib3r.lib(strtol)
00409aa0*      strtoul_
00409ab0       strtol_
Module: c:\watcom\lib386\nt\clib3r.lib(putenv)
00409be0       putenv_
Module: c:\watcom\lib386\nt\clib3r.lib(mbterm)
00409c10       _mbterm_
Module: c:\watcom\lib386\nt\clib3r.lib(mbsnextc)
00409c50       _mbsnextc_
Module: c:\watcom\lib386\nt\clib3r.lib(mbcupper)
00409c90       _mbctoupper_
Module: c:\watcom\lib386\nt\clib3r.lib(mbsinc)
00409cc0       _mbsinc_
Module: c:\watcom\lib386\nt\clib3r.lib(_cvtstr)
00409cf0       __lib_cvt_mbstowcs_errno_
Module: c:\watcom\lib386\nt\clib3r.lib(_uputenv)
00409d60       __wputenv_
Module: c:\watcom\lib386\nt\clib3r.lib(mbschr)
00409dc0       _mbschr_
Module: c:\watcom\lib386\nt\clib3r.lib(mbslen)
00409e20       _mbslen_
Module: c:\watcom\lib386\nt\clib3r.lib(_osenv)
00409e50       __os_env_update_narrow_
Module: c:\watcom\lib386\nt\clib3r.lib(_putenv)
00409e70       __putenv_
Module: c:\watcom\lib386\nt\clib3r.lib(mbconv)
00409f00       _mbvtop_
Module: c:\watcom\lib386\nt\clib3r.lib(mbstowcs)
00409f20       mbstowcs_
Module: c:\watcom\lib386\nt\clib3r.lib(_ufinden)
0040a060       __wfindenvadd_
0040a0e0       __wfindenvdel_
Module: c:\watcom\lib386\nt\clib3r.lib(mbccmp)
0040a100       _mbccmp_
Module: c:\watcom\lib386\nt\clib3r.lib(_findenv)
0040a2a0       __findenvadd_
0040a350       __findenvdel_
Module: c:\watcom\lib386\nt\clib3r.lib(utoupper)
0040a36c       towupper_
Module: c:\watcom\lib386\nt\clib3r.lib(memmove)
0040a380       memmove_


                        +----------------------+
                        |   Imported Symbols   |
                        +----------------------+

Symbol                              Module
======                              ======

_GetStdHandle@4                     KERNEL32.DLL
_WriteFile@20                       KERNEL32.DLL
_GetVersion@0                       KERNEL32.DLL
_GetModuleHandleA@4                 KERNEL32.DLL
_GetProcAddress@8                   KERNEL32.DLL
_GetModuleFileNameA@12              KERNEL32.DLL
_GetCommandLineA@0                  KERNEL32.DLL
_GetCommandLineW@0                  KERNEL32.DLL
_ExitProcess@4                      KERNEL32.DLL
_ReadFile@20                        KERNEL32.DLL
_GetLastError@0                     KERNEL32.DLL
_MultiByteToWideChar@24             KERNEL32.DLL
_GetCurrentThreadId@0               KERNEL32.DLL
_SetStdHandle@8                     KERNEL32.DLL
_CreateEventA@16                    KERNEL32.DLL
_CloseHandle@4                      KERNEL32.DLL
_GetModuleFileNameW@12              KERNEL32.DLL
_LoadLibraryA@4                     KERNEL32.DLL
_SetUnhandledExceptionFilter@4      KERNEL32.DLL
_UnhandledExceptionFilter@4         KERNEL32.DLL
_VirtualQuery@12                    KERNEL32.DLL
_WideCharToMultiByte@32             KERNEL32.DLL
_SetFilePointer@16                  KERNEL32.DLL
_FlushFileBuffers@4                 KERNEL32.DLL
_ReadConsoleInputA@16               KERNEL32.DLL
_GetConsoleMode@8                   KERNEL32.DLL
_SetConsoleMode@8                   KERNEL32.DLL
_WriteConsoleA@20                   KERNEL32.DLL
_GetACP@0                           KERNEL32.DLL
_GetOEMCP@0                         KERNEL32.DLL
_GetCPInfo@8                        KERNEL32.DLL
_VirtualAlloc@16                    KERNEL32.DLL
_CreateFileA@28                     KERNEL32.DLL
_SetConsoleCtrlHandler@8            KERNEL32.DLL
_GetFileType@4                      KERNEL32.DLL
_VirtualFree@12                     KERNEL32.DLL
_CharUpperA@4                       USER32.DLL
_SetEnvironmentVariableA@8          KERNEL32.DLL


                        +--------------------+
                        |   Libraries Used   |
                        +--------------------+

c:\watcom\lib386\nt\kernel32.lib
c:\watcom\lib386\nt\user32.lib
c:\watcom\lib386\emu387.lib
c:\watcom\lib386\math387r.lib
c:\watcom\lib386\nt\plbx3r.lib
c:\watcom\lib386\nt\clib3r.lib


                        +-----------------------+
                        |   Linker Statistics   |
                        +-----------------------+

Stack size:  00100000 (1048576.)
Memory size:  b07a (45178.)
Entry point address: 004017fc
Link time: 00:00.20
