Open Watcom Linker Version 2.0 beta Apr 14 2025 02:41:05 (64-bit)
Copyright (c) 2002-2025 The Open Watcom Contributors. All Rights Reserved.
Portions Copyright (c) 1985-2002 Sybase, Inc. All Rights Reserved.
Created on:       26/01/22 23:18:39
Executable Image: morlet.exe
creating a Windows NT character-mode executable


                        +------------+
                        |   Groups   |
                        +------------+

Group                           Address              Size
=====                           =======              ====

.idata                          0040b000             00000432
DGROUP                          0040c000             00001790



                        +--------------+
                        |   Segments   |
                        +--------------+

Segment                Class          Group          Address         Size
=======                =====          =====          =======         ====

BEGTEXT                CODE           AUTO           00401000        00000007
_TEXT                  CODE           AUTO           00401010        00009442
TRANSFER CODE          CODE           AUTO           0040a454        000000e4
.idata                 .idata         .idata         0040b000        00000432
_NULL                  BEGDATA        DGROUP         0040c000        00000004
_AFTERNULL             BEGDATA        DGROUP         0040c004        00000000
CONST                  DATA           DGROUP         0040c004        0000018a
CONST2                 DATA           DGROUP         0040c190        00000000
_DATA                  DATA           DGROUP         0040c190        00000670
XIB                    DATA           DGROUP         0040c800        00000000
XI                     DATA           DGROUP         0040c800        00000042
XIE                    DATA           DGROUP         0040c842        00000000
YIB                    DATA           DGROUP         0040c842        00000000
YI                     DATA           DGROUP         0040c842        0000001e
YIE                    DATA           DGROUP         0040c860        00000000
DATA                   DATA           DGROUP         0040c860        00000018
TIB                    DATA           DGROUP         0040c878        00000000
TI                     DATA           DGROUP         0040c878        00000000
TIE                    DATA           DGROUP         0040c878        00000000
_BSS                   BSS            DGROUP         0040d000        00000790


                        +----------------+
                        |   Memory Map   |
                        +----------------+

* = unreferenced symbol
+ = symbol only referenced locally

Address        Symbol
=======        ======

Module: morlet.obj(C:\radio-zcu208\morlet\morlet.cpp)
00401010       main_
Module: c:\watcom\lib386\nt\clib3r.lib(stk)
004015ed       __CHK
004015e9*      __STK
00401625*      __GRO
00401616*      __STKOVERFLOW_
00401645*      __alloca_probe
Module: c:\watcom\lib386\nt\clib3r.lib(printf)
00401660       printf_
Module: c:\watcom\lib386\nt\clib3r.lib(scanf)
004016c0+      vscanf_
004016f0       scanf_
Module: c:\watcom\lib386\math387r.lib(fchop87)
00401700       __CHP
Module: c:\watcom\lib386\nt\plbx3r.lib(opnewarr)
00401720       void __near * __near operator new []( int unsigned )
Module: c:\watcom\lib386\math387r.lib(exp87)
0040178f*      exp_
00401728*      __@DEXP1
00401730*      IF@EXP
00401730       IF@DEXP
00401732*      __@DEXP
Module: c:\watcom\lib386\math387r.lib(trig87)
004017e9*      sin_
004017dd*      cos_
0040180a*      tan_
0040179c*      IF@COS
0040179c       IF@DCOS
004017a6*      IF@SIN
004017a6       IF@DSIN
004017f5*      IF@TAN
004017f5*      IF@DTAN
Module: c:\watcom\lib386\math387r.lib(sqrt87)
00401818*      sqrt_
00401848*      IF@SQRT
00401848       IF@DSQRT
0040184a*      __@DSQRT
Module: c:\watcom\lib386\nt\clib3r.lib(cstrtwnt)
0040187c       _cstart_
0040187c*      mainCRTStartup
Module: c:\watcom\lib386\nt\clib3r.lib(fltused)
0040c1bc       _fltused_
Module: c:\watcom\lib386\nt\plbx3r.lib(iofefg)
0040c80c       __ppfltused_
Module: c:\watcom\lib386\emu387.lib(_86)
0040193c       __init_387_emulator
0040193d*      __fini_387_emulator
Module: c:\watcom\lib386\nt\clib3r.lib(_8087)
0040c1c0       __8087
0040c1c1       __real87
Module: c:\watcom\lib386\nt\plbx3r.lib(cppdata)
0040d000       __wint_thread_data
0040d024       __compiled_under_NT
Module: c:\watcom\lib386\nt\plbx3r.lib(fsroot)
0040c81e       ___wcpp_4_data_init_fs_root_
Module: c:\watcom\lib386\nt\clib3r.lib(xmsg)
00401950*      __exit_with_msg_
004019b0       __fatal_runtime_error_
Module: c:\watcom\lib386\nt\clib3r.lib(snglthrd)
0040c1c4       ___FirstThreadData
0040c1c8       ___GetThreadPtr
Module: c:\watcom\lib386\nt\clib3r.lib(iob)
0040c1cc       ___iob
0040d028       ___ClosedStreams
0040d02c       ___OpenStreams
Module: c:\watcom\lib386\nt\clib3r.lib(fprtf)
00401a00       __fprtf_
Module: c:\watcom\lib386\nt\clib3r.lib(fgetc)
00401ac0+      __fill_buffer_
00401bc0       fgetc_
Module: c:\watcom\lib386\nt\clib3r.lib(ungetc)
00401c80       ungetc_
Module: c:\watcom\lib386\nt\clib3r.lib(scnf)
004028c0       __scnf_
Module: c:\watcom\lib386\nt\plbx3r.lib(opnew)
00402b40       void __near * __near operator new( int unsigned )
Module: c:\watcom\lib386\math387r.lib(math87e)
00402b8f       __math87_err_
Module: c:\watcom\lib386\nt\clib3r.lib(chipvar)
0040c3d4       ___chipbug
0040c3d4       __chipbug
Module: c:\watcom\lib386\nt\clib3r.lib(chipt32)
00402bfc       __fptan_chk
Module: c:\watcom\lib386\nt\clib3r.lib(main2wnt)
00402cb0       __NTMain
Module: c:\watcom\lib386\nt\clib3r.lib(segdefns)
00401003       ___begtext
0040c000*      __nullarea
0040c800       __Start_XI
0040c842       __End_XI
0040c842       __Start_YI
0040c860       __End_YI
Module: c:\watcom\lib386\nt\clib3r.lib(setefg)
00402d10       __setEFGfmt_
Module: c:\watcom\lib386\nt\plbx3r.lib(iofnoefg)
0040c3d8       ___EFG_cnvs2d
0040c3dc       ___EFG_cnvd2f
0040c3e0       ___EFG_cvtld
0040c3e4       ___EFG_cnvd2ld
Module: c:\watcom\lib386\math387r.lib(cnvs2d)
00402d40       __cnvs2d_
Module: c:\watcom\lib386\math387r.lib(cnvd2f)
00402d6e       __cnvd2f_
Module: c:\watcom\lib386\math387r.lib(ldcvt)
00402ec0       _LDScale10x_
00403467       __cvtld_
00403467       __LDcvt_
Module: c:\watcom\lib386\math387r.lib(cnvd2ld)
00403b58       __cnvd2ld_
Module: c:\watcom\lib386\nt\clib3r.lib(chk8087)
00403b80*      _fpreset_
00403bc0       __chk8087_
00403bd0*      __init_8087_
Module: c:\watcom\lib386\nt\clib3r.lib(crwdata)
0040c4d1       __osmajor
0040c4d2       __osminor
0040c498       __LpCmdLine
0040c49c       __LpPgmName
0040c490*      __dynend
0040c494       __curbrk
0040c4c0       __cbyte
0040c4c4*      __cbyte2
0040c4c8*      __child
0040c4cd       __Envptr
0040c4d3       __osbuild
0040c4d5       __osver
0040c4d9       __winmajor
0040c4dd       __winminor
0040c4e1       __winver
0040c4a0       __LpDllName
0040c4a4       __LpwCmdLine
0040c4a8       __LpwPgmName
0040c4ac       __LpwDllName
0040c4b0*      __STACKLOW
0040c4b4       __STACKTOP
0040c4b8       __ASTACKSIZ
0040c4bc       __ASTACKPTR
0040c4cc       __no87
0040c4e5       ___FPE_handler
Module: c:\watcom\lib386\nt\clib3r.lib(mainwnt)
0040c4ec*      ___TlsIndex
0040c4f0       __AccessFileH
0040c4f4       __ReleaseFileH
0040c4f8       __AccessIOB
0040c4fc       __ReleaseIOB
0040c500       __AccessNHeap
0040c504*      __AccessFHeap
0040c508       __ReleaseNHeap
0040c50c*      __ReleaseFHeap
0040c510*      __AccessTDList
0040c514*      __ReleaseTDList
00403c50*      __threadid_
00403c70+      __NTInit_
00403e90+      __NTFini_
00403f10       __NTMainInit_
00403f70       __exit_
0040c518       __AccessFList
0040c51c       __ReleaseFList
0040c520+      __ThreadExitRtn
0040c524       ___sig_init_rtn
0040c528       ___sig_fini_rtn
0040c52c       ___process_fini
0040d038       ___Is_DLL
Module: c:\watcom\lib386\nt\clib3r.lib(enterdb)
00403fd0       __EnterWVIDEO_
0040c530+      __WD_Present
Module: c:\watcom\lib386\nt\clib3r.lib(initfile)
00404030       __InitFiles_
Module: c:\watcom\lib386\nt\clib3r.lib(ioexit)
00404130*      fcloseall_
00404140       __full_io_exit_
Module: c:\watcom\lib386\nt\clib3r.lib(fputc)
00404150       fputc_
Module: c:\watcom\lib386\nt\clib3r.lib(ioalloc)
00404230       __ioalloc_
Module: c:\watcom\lib386\nt\clib3r.lib(prtf)
00404d60       __prtf_
Module: c:\watcom\lib386\nt\clib3r.lib(flush)
00404f80       __flush_
Module: c:\watcom\lib386\nt\clib3r.lib(flushall)
00405080       __flushall_
004050c0*      flushall_
Module: c:\watcom\lib386\nt\clib3r.lib(gtchewnt)
004050d0       getche_
Module: c:\watcom\lib386\nt\clib3r.lib(qread)
00405100       __qread_
Module: c:\watcom\lib386\nt\clib3r.lib(istable)
00405170       __IsTable
Module: c:\watcom\lib386\nt\clib3r.lib(mbisdbcs)
0040c534       ___IsDBCS
Module: c:\watcom\lib386\nt\clib3r.lib(mbislead)
00405280*      _ismbblead_
0040d654       ___MBCSIsTable
Module: c:\watcom\lib386\nt\clib3r.lib(mbtowc)
004052a0       mbtowc_
Module: c:\watcom\lib386\nt\clib3r.lib(memset)
00405330       memset_
Module: c:\watcom\lib386\nt\clib3r.lib(bits)
00405350       __Bits
Module: c:\watcom\lib386\nt\clib3r.lib(noefgfmt)
0040c538       ___EFG_printf
0040c53c       ___EFG_scanf
Module: c:\watcom\lib386\nt\clib3r.lib(fdfs386)
004053a0       __FDFS
Module: c:\watcom\lib386\nt\clib3r.lib(tolower)
004053ec       tolower_
Module: c:\watcom\lib386\nt\clib3r.lib(i8m)
004053fc*      __I8M
004053fc       __U8M
Module: c:\watcom\lib386\nt\clib3r.lib(nmalloc)
00405420       _nmalloc_
00405420       malloc_
0040c540       ___nheapbeg
0040c544       ___MiniHeapRover
0040c548       ___LargestSizeB4MiniHeapRover
Module: c:\watcom\lib386\math387r.lib(math2err)
00405507       __math1err_
00405511+      __math2err_
Module: c:\watcom\lib386\nt\clib3r.lib(chipbug)
00405640       __verify_pentium_fdiv_bug_
Module: c:\watcom\lib386\nt\clib3r.lib(initrtns)
004056b0       __InitRtns
00405700       __FiniRtns
Module: c:\watcom\lib386\nt\clib3r.lib(mthrdini)
00405760       __InitThreadData_
0040c54c       ___ThreadDataSize
Module: c:\watcom\lib386\nt\clib3r.lib(cmain386)
00405790       __CMain
Module: c:\watcom\lib386\nt\clib3r.lib(dosseg)
00001234       __DOSseg__
Module: c:\watcom\lib386\math387r.lib(efgfmt)
004057cc       _EFG_Format_
Module: c:\watcom\lib386\math387r.lib(strtod)
00405d29+      __Strtold_
00405e7d       strtod_
Module: c:\watcom\lib386\math387r.lib(ldclass)
00405fc1       __LDClass_
00406011*      _FLClass_
Module: c:\watcom\lib386\nt\clib3r.lib(i8s)
00406020*      __U8RS
0040603a*      __I8RS
00406055*      __I8LS
00406055       __U8LS
Module: c:\watcom\lib386\nt\clib3r.lib(ltoa)
00406070       ultoa_
004060c0       ltoa_
Module: c:\watcom\lib386\nt\clib3r.lib(8087cw)
0040c550       __8087cw
Module: c:\watcom\lib386\nt\clib3r.lib(save8087)
0040c554       ___Save8087
0040c558       ___Rest8087
Module: c:\watcom\lib386\nt\clib3r.lib(init8087)
004060f4       __x87id
Module: c:\watcom\lib386\nt\clib3r.lib(hdlman)
0040c55c+      ___NHandles
00406130+      __growPOSIXHandles_
004061d0+      __allocPOSIXHandle_
00406290       __freePOSIXHandle_
004062b0       __getOSHandle_
004062c0       __setOSHandle_
00406310+      __NTGetFakeHandle_
00406380       __initPOSIXHandles_
00406460*      __set_handles_
00406470*      _grow_handles_
Module: c:\watcom\lib386\nt\clib3r.lib(environ)
0040d758       ___env_mask
0040d75c       __wenviron
0040d760       _environ
Module: c:\watcom\lib386\nt\clib3r.lib(getmodfn)
004064b0       __lib_GetModuleFileNameW_
Module: c:\watcom\lib386\nt\clib3r.lib(strdup)
00406550       __clib_strdup_
00406550*      strdup_
Module: c:\watcom\lib386\nt\clib3r.lib(ustrdup)
00406590       __clib_wcsdup_
00406590*      wcsdup_
Module: c:\watcom\lib386\nt\clib3r.lib(uisspace)
004065b7       iswspace_
Module: c:\watcom\lib386\nt\clib3r.lib(nfree)
004065e0       _nfree_
004065e0       free_
0040d764       ___MiniHeapFreeRover
Module: c:\watcom\lib386\nt\clib3r.lib(excptwnt)
00406d40+      ___ReportException@4
00407190       __DefaultExceptionHandler_
004071d0+      ___ExceptionFilter
004073e0       __NewExceptionFilter_
00407410       __DoneExceptionFilter_
0040c570       ___oscode_check_func
0040c574       ___raise_func
0040d768*      _sw
0040d76c+      ___ReportInvoked
0040d76d+      ___ExceptionHandled
Module: c:\watcom\lib386\nt\clib3r.lib(stklmwnt)
00407450       __init_stack_limits_
Module: c:\watcom\lib386\nt\clib3r.lib(fclose)
004074c0+      __doclose_
00407570       __shutdown_stream_
00407590*      fclose_
0040d770+      ___RmTmpFileFn
Module: c:\watcom\lib386\nt\clib3r.lib(freefp)
004075e0       __freefp_
00407620       __purgefp_
Module: c:\watcom\lib386\nt\clib3r.lib(chktty)
00407650       __chktty_
Module: c:\watcom\lib386\nt\clib3r.lib(wctomb)
00407690       wctomb_
Module: c:\watcom\lib386\nt\clib3r.lib(itoa)
004076d0+      utoa_
00407720       itoa_
Module: c:\watcom\lib386\nt\clib3r.lib(strupr)
00407750       _strupr_
Module: c:\watcom\lib386\nt\clib3r.lib(lltoa)
00407770       ulltoa_
004077d0*      lltoa_
Module: c:\watcom\lib386\nt\clib3r.lib(__lseek)
00407800       __lseek_
Module: c:\watcom\lib386\nt\clib3r.lib(fsync)
00407840       fsync_
Module: c:\watcom\lib386\nt\clib3r.lib(qwrit)
00407890       __qwrite_
Module: c:\watcom\lib386\nt\clib3r.lib(getchwnt)
00407a70       getch_
Module: c:\watcom\lib386\nt\clib3r.lib(putchwnt)
00407ae0       putch_
Module: c:\watcom\lib386\nt\clib3r.lib(iomode)
00407b30       __GetIOMode_
00407b50       __SetIOMode_nogrow_
0040c57c       ___NFiles
0040c580       ___init_mode
0040c5d0       ___io_mode
Module: c:\watcom\lib386\nt\clib3r.lib(dosret)
00407b70       __set_errno_dos_
00407bb0*      __set_errno_dos_reterr_
00407bc0       __set_errno_nt_
00407bd0*      __set_errno_nt_reterr_
Module: c:\watcom\lib386\nt\clib3r.lib(mbinit)
00407c4f       __mbinit_
0040c6d8       ___MBCodePage
Module: c:\watcom\lib386\nt\clib3r.lib(mbclen)
00407d10       _mbclen_
Module: c:\watcom\lib386\nt\clib3r.lib(__stos)
00407d40       __STOSB
00407d7a*      __STOSD
Module: c:\watcom\lib386\nt\clib3r.lib(mem)
00407df0       __MemAllocator
00407ea0       __MemFree
Module: c:\watcom\lib386\nt\clib3r.lib(nmemneed)
00407fe0       __nmemneed_
Module: c:\watcom\lib386\nt\clib3r.lib(grownear)
00408130       __ExpandDGROUP_
Module: c:\watcom\lib386\math387r.lib(_matherr)
004082dc*      _set_matherr_
004082e2+      __rterrmsg_
0040832a       __rtmathfuncname_
00408332*      _matherr_
0040836c+      __reporterrorsimple_
004083e9       __reporterror_
Module: c:\watcom\lib386\nt\clib3r.lib(hugeval)
00408450       __HugeValue
Module: c:\watcom\lib386\nt\clib3r.lib(cinit)
00408460       __CommonInit_
Module: c:\watcom\lib386\nt\clib3r.lib(___argc)
0040d780       ____Argc
0040d784       ____Argv
Module: c:\watcom\lib386\nt\clib3r.lib(exit)
00408470+      __null_int23_exit_
00408471       exit_
004084bf*      _exit_
0040c6e0+      ___int23_exit
0040c6e4+      ___FPE_handler_exit
Module: c:\watcom\lib386\nt\clib3r.lib(rtcntrl)
004084e0*      _SetLD64bit_
004084f0*      _SetLD80bit_
00408500       _LDisDouble_
Module: c:\watcom\lib386\math387r.lib(zbuf2ld)
00408529       __ZXBuf2LD_
Module: c:\watcom\lib386\math387r.lib(bufld386)
004085fc       __ZBuf2LD
Module: c:\watcom\lib386\nt\clib3r.lib(seterrno)
0040869f       __set_EDOM_
004086ad       __set_ERANGE_
004086bb*      __set_EINVAL_
Module: c:\watcom\lib386\math387r.lib(inf_nan)
004086ce*      ___f_infinity
004086d2*      ___f_posqnan
004086d6       ___d_infinity
004086de       ___d_posqnan
004086e6*      ___ld_infinity
004086ee*      ___ld_posqnan
Module: c:\watcom\lib386\nt\clib3r.lib(alphabet)
00408700       ___Alphabet
Module: c:\watcom\lib386\nt\clib3r.lib(nrealloc)
00408730*      _nrealloc_
00408730       realloc_
Module: c:\watcom\lib386\nt\clib3r.lib(stiomode)
004087b0       __grow_iomode_
00408880+      __shrink_iomode_
004088c0       __SetIOMode_
Module: c:\watcom\lib386\nt\clib3r.lib(setenvp)
00408940       __setenvp_
00408a10       __freeenvp_
Module: c:\watcom\lib386\nt\clib3r.lib(ustrlen)
00408a70       wcslen_
Module: c:\watcom\lib386\nt\clib3r.lib(memcpy)
00408a90       memcpy_
Module: c:\watcom\lib386\nt\clib3r.lib(conutwnt)
00408ac0       __NTRealKey_
00408b70       __NTConsoleInput_
00408b80       __NTConsoleOutput_
Module: c:\watcom\lib386\nt\clib3r.lib(fclex387)
00408b90       _ClearFPE_
Module: c:\watcom\lib386\nt\clib3r.lib(signlwnt)
00408da0       __sigfpe_handler_
00408df0*      signal_
00408e80+      raise_
Module: c:\watcom\lib386\nt\clib3r.lib(_clsewnt)
00408fa0       __close_
Module: c:\watcom\lib386\nt\clib3r.lib(isattwnt)
00409000       isatty_
Module: c:\watcom\lib386\nt\clib3r.lib(amblksiz)
0040c760       __amblksiz
Module: c:\watcom\lib386\nt\clib3r.lib(nheapmin)
00409020*      _nheapshrink_
00409020*      _heapshrink_
00409060       __nheapshrink_
Module: c:\watcom\lib386\nt\clib3r.lib(heapen)
004090b0*      _heapenable_
0040c764       ___heap_enabled
Module: c:\watcom\lib386\math387r.lib(matherr)
004090d1       matherr_
Module: c:\watcom\lib386\nt\clib3r.lib(iobaddr)
004090e0       __get_std_stream_
004090e0*      __get_std_file_
Module: c:\watcom\lib386\nt\clib3r.lib(fputs)
00409100       fputs_
Module: c:\watcom\lib386\math387r.lib(mathint)
0040c768*      _signgam
0040c76c       ___math_errhandling_flag
Module: c:\watcom\lib386\nt\clib3r.lib(errno)
004091a0       __get_errno_ptr_
Module: c:\watcom\lib386\nt\clib3r.lib(fenv)
004091b0*      ___fenv_h_default_environment
004091d0*      feclearexcept_
004091f0+      fegetexceptflag_
00409210       feraiseexcept_
00409240*      feenableexcept_
00409260*      fedisableexcept_
00409280*      fesetexceptflag_
004092b0*      fetestexcept_
004092d0*      fegetround_
004092f0*      fesetround_
00409340*      fegetenv_
00409350*      feholdexcept_
00409370*      fesetenv_
00409380*      feupdateenv_
Module: c:\watcom\lib386\nt\clib3r.lib(nmsize)
004093b0       _nmsize_
004093b0*      _msize_
Module: c:\watcom\lib386\nt\clib3r.lib(nexpand)
004093c0       _nexpand_
004093c0*      _expand_
Module: c:\watcom\lib386\nt\clib3r.lib(iomodtty)
004093f0       __ChkTTYIOMode_
00409430*      __IOMode_
Module: c:\watcom\lib386\nt\clib3r.lib(dofilstr)
00409470       __ParsePosixHandleStr_
Module: c:\watcom\lib386\nt\clib3r.lib(clearenv)
00409590       clearenv_
Module: c:\watcom\lib386\nt\clib3r.lib(abort)
0040966c*      abort_
0040967b       __terminate_
0040c770       ___abort
Module: c:\watcom\lib386\nt\clib3r.lib(nheapunl)
00409690       __UnlinkNHeap_
Module: c:\watcom\lib386\nt\clib3r.lib(_expand)
004096f0       __HeapManager_expand_
Module: c:\watcom\lib386\nt\clib3r.lib(getenv)
00409830       getenv_
Module: c:\watcom\lib386\nt\clib3r.lib(strncpy)
004098d0       strncpy_
Module: c:\watcom\lib386\nt\clib3r.lib(strtol)
00409b20*      strtoul_
00409b30       strtol_
Module: c:\watcom\lib386\nt\clib3r.lib(putenv)
00409c60       putenv_
Module: c:\watcom\lib386\nt\clib3r.lib(mbterm)
00409c90       _mbterm_
Module: c:\watcom\lib386\nt\clib3r.lib(mbsnextc)
00409cd0       _mbsnextc_
Module: c:\watcom\lib386\nt\clib3r.lib(mbcupper)
00409d10       _mbctoupper_
Module: c:\watcom\lib386\nt\clib3r.lib(mbsinc)
00409d40       _mbsinc_
Module: c:\watcom\lib386\nt\clib3r.lib(_cvtstr)
00409d70       __lib_cvt_mbstowcs_errno_
Module: c:\watcom\lib386\nt\clib3r.lib(_uputenv)
00409de0       __wputenv_
Module: c:\watcom\lib386\nt\clib3r.lib(mbschr)
00409e40       _mbschr_
Module: c:\watcom\lib386\nt\clib3r.lib(mbslen)
00409ea0       _mbslen_
Module: c:\watcom\lib386\nt\clib3r.lib(_osenv)
00409ed0       __os_env_update_narrow_
Module: c:\watcom\lib386\nt\clib3r.lib(_putenv)
00409ef0       __putenv_
Module: c:\watcom\lib386\nt\clib3r.lib(mbconv)
00409f80       _mbvtop_
Module: c:\watcom\lib386\nt\clib3r.lib(mbstowcs)
00409fa0       mbstowcs_
Module: c:\watcom\lib386\nt\clib3r.lib(_ufinden)
0040a0e0       __wfindenvadd_
0040a160       __wfindenvdel_
Module: c:\watcom\lib386\nt\clib3r.lib(mbccmp)
0040a180       _mbccmp_
Module: c:\watcom\lib386\nt\clib3r.lib(_findenv)
0040a320       __findenvadd_
0040a3d0       __findenvdel_
Module: c:\watcom\lib386\nt\clib3r.lib(utoupper)
0040a3ec       towupper_
Module: c:\watcom\lib386\nt\clib3r.lib(memmove)
0040a400       memmove_


                        +----------------------+
                        |   Imported Symbols   |
                        +----------------------+

Symbol                              Module
======                              ======

_GetStdHandle@4                     KERNEL32.DLL
_WriteFile@20                       KERNEL32.DLL
_GetVersion@0                       KERNEL32.DLL
_GetModuleHandleA@4                 KERNEL32.DLL
_GetProcAddress@8                   KERNEL32.DLL
_GetModuleFileNameA@12              KERNEL32.DLL
_GetCommandLineA@0                  KERNEL32.DLL
_GetCommandLineW@0                  KERNEL32.DLL
_ExitProcess@4                      KERNEL32.DLL
_ReadFile@20                        KERNEL32.DLL
_GetLastError@0                     KERNEL32.DLL
_MultiByteToWideChar@24             KERNEL32.DLL
_GetCurrentThreadId@0               KERNEL32.DLL
_SetStdHandle@8                     KERNEL32.DLL
_CreateEventA@16                    KERNEL32.DLL
_CloseHandle@4                      KERNEL32.DLL
_GetModuleFileNameW@12              KERNEL32.DLL
_LoadLibraryA@4                     KERNEL32.DLL
_SetUnhandledExceptionFilter@4      KERNEL32.DLL
_UnhandledExceptionFilter@4         KERNEL32.DLL
_VirtualQuery@12                    KERNEL32.DLL
_WideCharToMultiByte@32             KERNEL32.DLL
_SetFilePointer@16                  KERNEL32.DLL
_FlushFileBuffers@4                 KERNEL32.DLL
_ReadConsoleInputA@16               KERNEL32.DLL
_GetConsoleMode@8                   KERNEL32.DLL
_SetConsoleMode@8                   KERNEL32.DLL
_WriteConsoleA@20                   KERNEL32.DLL
_GetACP@0                           KERNEL32.DLL
_GetOEMCP@0                         KERNEL32.DLL
_GetCPInfo@8                        KERNEL32.DLL
_VirtualAlloc@16                    KERNEL32.DLL
_CreateFileA@28                     KERNEL32.DLL
_SetConsoleCtrlHandler@8            KERNEL32.DLL
_GetFileType@4                      KERNEL32.DLL
_VirtualFree@12                     KERNEL32.DLL
_CharUpperA@4                       USER32.DLL
_SetEnvironmentVariableA@8          KERNEL32.DLL


                        +--------------------+
                        |   Libraries Used   |
                        +--------------------+

c:\watcom\lib386\nt\kernel32.lib
c:\watcom\lib386\nt\user32.lib
c:\watcom\lib386\emu387.lib
c:\watcom\lib386\math387r.lib
c:\watcom\lib386\nt\plbx3r.lib
c:\watcom\lib386\nt\clib3r.lib


                        +-----------------------+
                        |   Linker Statistics   |
                        +-----------------------+

Stack size:  00100000 (1048576.)
Memory size:  b0fa (45306.)
Entry point address: 0040187c
Link time: 00:00.22
